exports[`test《comment-list.js》 compare snapshot 1`] = `
<div>
  <div
    className="comment-item">
    <div>
      <div>
        <div>
          <img
            src="#0" />
        </div>
        <div>
          <span>
            <a
              href="#">
              webbot0
            </a>
          </span>
          <div>
            sth0
          </div>
        </div>
      </div>
      <div>
        <div>
          1
          人赞同
          <button
            onClick={[Function]}>
            赞
            <svg
              height="16"
              viewBox="0 0 20 18"
              width="13">
              <g>
                <path
                  d="M.718 7.024c-.718 0-.718.63-.718.63l.996 9.693c0 .703.718.65.718.65h1.45c.916 0 .847-.65.847-.65V7.793c-.09-.88-.853-.79-.846-.79l-2.446.02zm11.727-.05S13.2 5.396 13.6 2.89C13.765.03 11.55-.6 10.565.53c-1.014 1.232 0 2.056-4.45 5.83C5.336 6.965 5 8.01 5 8.997v6.998c-.016 1.104.49 2 1.99 2h7.586c2.097 0 2.86-1.416 2.86-1.416s2.178-5.402 2.346-5.91c1.047-3.516-1.95-3.704-1.95-3.704l-5.387.007z" />
              </g>
            </svg>
          </button>
        </div>
        <div>
          -1
          人反对
          <button
            onClick={[Function]}>
            踩
            <svg
              height="16"
              viewBox="0 0 20 18"
              width="13">
              <g>
                <path
                  d="M.718 7.024c-.718 0-.718.63-.718.63l.996 9.693c0 .703.718.65.718.65h1.45c.916 0 .847-.65.847-.65V7.793c-.09-.88-.853-.79-.846-.79l-2.446.02zm11.727-.05S13.2 5.396 13.6 2.89C13.765.03 11.55-.6 10.565.53c-1.014 1.232 0 2.056-4.45 5.83C5.336 6.965 5 8.01 5 8.997v6.998c-.016 1.104.49 2 1.99 2h7.586c2.097 0 2.86-1.416 2.86-1.416s2.178-5.402 2.346-5.91c1.047-3.516-1.95-3.704-1.95-3.704l-5.387.007z"
                  transform="scale(1,-1) translate(0,-22)" />
              </g>
            </svg>
          </button>
        </div>
      </div>
    </div>
    <div>
      <p>
        hello,world0
      </p>
      <p>
        修改于 
        Mon May 15 2017 20:07:25 GMT+0800 (中国标准时间)
      </p>
    </div>
  </div>
  <div
    className="comment-item">
    <div>
      <div>
        <div>
          <img
            src="#1" />
        </div>
        <div>
          <span>
            <a
              href="#">
              webbot1
            </a>
          </span>
          <div>
            sth1
          </div>
        </div>
      </div>
      <div>
        <div>
          2
          人赞同
          <button
            onClick={[Function]}>
            赞
            <svg
              height="16"
              viewBox="0 0 20 18"
              width="13">
              <g>
                <path
                  d="M.718 7.024c-.718 0-.718.63-.718.63l.996 9.693c0 .703.718.65.718.65h1.45c.916 0 .847-.65.847-.65V7.793c-.09-.88-.853-.79-.846-.79l-2.446.02zm11.727-.05S13.2 5.396 13.6 2.89C13.765.03 11.55-.6 10.565.53c-1.014 1.232 0 2.056-4.45 5.83C5.336 6.965 5 8.01 5 8.997v6.998c-.016 1.104.49 2 1.99 2h7.586c2.097 0 2.86-1.416 2.86-1.416s2.178-5.402 2.346-5.91c1.047-3.516-1.95-3.704-1.95-3.704l-5.387.007z" />
              </g>
            </svg>
          </button>
        </div>
        <div>
          0
          人反对
          <button
            onClick={[Function]}>
            踩
            <svg
              height="16"
              viewBox="0 0 20 18"
              width="13">
              <g>
                <path
                  d="M.718 7.024c-.718 0-.718.63-.718.63l.996 9.693c0 .703.718.65.718.65h1.45c.916 0 .847-.65.847-.65V7.793c-.09-.88-.853-.79-.846-.79l-2.446.02zm11.727-.05S13.2 5.396 13.6 2.89C13.765.03 11.55-.6 10.565.53c-1.014 1.232 0 2.056-4.45 5.83C5.336 6.965 5 8.01 5 8.997v6.998c-.016 1.104.49 2 1.99 2h7.586c2.097 0 2.86-1.416 2.86-1.416s2.178-5.402 2.346-5.91c1.047-3.516-1.95-3.704-1.95-3.704l-5.387.007z"
                  transform="scale(1,-1) translate(0,-22)" />
              </g>
            </svg>
          </button>
        </div>
      </div>
    </div>
    <div>
      <p>
        hello,world1
      </p>
      <p>
        修改于 
        Mon May 15 2017 20:07:25 GMT+0800 (中国标准时间)
      </p>
    </div>
  </div>
  <div
    className="comment-item">
    <div>
      <div>
        <div>
          <img
            src="#2" />
        </div>
        <div>
          <span>
            <a
              href="#">
              webbot2
            </a>
          </span>
          <div>
            sth2
          </div>
        </div>
      </div>
      <div>
        <div>
          3
          人赞同
          <button
            onClick={[Function]}>
            赞
            <svg
              height="16"
              viewBox="0 0 20 18"
              width="13">
              <g>
                <path
                  d="M.718 7.024c-.718 0-.718.63-.718.63l.996 9.693c0 .703.718.65.718.65h1.45c.916 0 .847-.65.847-.65V7.793c-.09-.88-.853-.79-.846-.79l-2.446.02zm11.727-.05S13.2 5.396 13.6 2.89C13.765.03 11.55-.6 10.565.53c-1.014 1.232 0 2.056-4.45 5.83C5.336 6.965 5 8.01 5 8.997v6.998c-.016 1.104.49 2 1.99 2h7.586c2.097 0 2.86-1.416 2.86-1.416s2.178-5.402 2.346-5.91c1.047-3.516-1.95-3.704-1.95-3.704l-5.387.007z" />
              </g>
            </svg>
          </button>
        </div>
        <div>
          1
          人反对
          <button
            onClick={[Function]}>
            踩
            <svg
              height="16"
              viewBox="0 0 20 18"
              width="13">
              <g>
                <path
                  d="M.718 7.024c-.718 0-.718.63-.718.63l.996 9.693c0 .703.718.65.718.65h1.45c.916 0 .847-.65.847-.65V7.793c-.09-.88-.853-.79-.846-.79l-2.446.02zm11.727-.05S13.2 5.396 13.6 2.89C13.765.03 11.55-.6 10.565.53c-1.014 1.232 0 2.056-4.45 5.83C5.336 6.965 5 8.01 5 8.997v6.998c-.016 1.104.49 2 1.99 2h7.586c2.097 0 2.86-1.416 2.86-1.416s2.178-5.402 2.346-5.91c1.047-3.516-1.95-3.704-1.95-3.704l-5.387.007z"
                  transform="scale(1,-1) translate(0,-22)" />
              </g>
            </svg>
          </button>
        </div>
      </div>
    </div>
    <div>
      <p>
        hello,world2
      </p>
      <p>
        修改于 
        Mon May 15 2017 20:07:25 GMT+0800 (中国标准时间)
      </p>
    </div>
  </div>
  <div
    className="comment-item">
    <div>
      <div>
        <div>
          <img
            src="#3" />
        </div>
        <div>
          <span>
            <a
              href="#">
              webbot3
            </a>
          </span>
          <div>
            sth3
          </div>
        </div>
      </div>
      <div>
        <div>
          4
          人赞同
          <button
            onClick={[Function]}>
            赞
            <svg
              height="16"
              viewBox="0 0 20 18"
              width="13">
              <g>
                <path
                  d="M.718 7.024c-.718 0-.718.63-.718.63l.996 9.693c0 .703.718.65.718.65h1.45c.916 0 .847-.65.847-.65V7.793c-.09-.88-.853-.79-.846-.79l-2.446.02zm11.727-.05S13.2 5.396 13.6 2.89C13.765.03 11.55-.6 10.565.53c-1.014 1.232 0 2.056-4.45 5.83C5.336 6.965 5 8.01 5 8.997v6.998c-.016 1.104.49 2 1.99 2h7.586c2.097 0 2.86-1.416 2.86-1.416s2.178-5.402 2.346-5.91c1.047-3.516-1.95-3.704-1.95-3.704l-5.387.007z" />
              </g>
            </svg>
          </button>
        </div>
        <div>
          2
          人反对
          <button
            onClick={[Function]}>
            踩
            <svg
              height="16"
              viewBox="0 0 20 18"
              width="13">
              <g>
                <path
                  d="M.718 7.024c-.718 0-.718.63-.718.63l.996 9.693c0 .703.718.65.718.65h1.45c.916 0 .847-.65.847-.65V7.793c-.09-.88-.853-.79-.846-.79l-2.446.02zm11.727-.05S13.2 5.396 13.6 2.89C13.765.03 11.55-.6 10.565.53c-1.014 1.232 0 2.056-4.45 5.83C5.336 6.965 5 8.01 5 8.997v6.998c-.016 1.104.49 2 1.99 2h7.586c2.097 0 2.86-1.416 2.86-1.416s2.178-5.402 2.346-5.91c1.047-3.516-1.95-3.704-1.95-3.704l-5.387.007z"
                  transform="scale(1,-1) translate(0,-22)" />
              </g>
            </svg>
          </button>
        </div>
      </div>
    </div>
    <div>
      <p>
        hello,world3
      </p>
      <p>
        修改于 
        Mon May 15 2017 20:07:25 GMT+0800 (中国标准时间)
      </p>
    </div>
  </div>
  <div
    className="comment-item">
    <div>
      <div>
        <div>
          <img
            src="#4" />
        </div>
        <div>
          <span>
            <a
              href="#">
              webbot4
            </a>
          </span>
          <div>
            sth4
          </div>
        </div>
      </div>
      <div>
        <div>
          5
          人赞同
          <button
            onClick={[Function]}>
            赞
            <svg
              height="16"
              viewBox="0 0 20 18"
              width="13">
              <g>
                <path
                  d="M.718 7.024c-.718 0-.718.63-.718.63l.996 9.693c0 .703.718.65.718.65h1.45c.916 0 .847-.65.847-.65V7.793c-.09-.88-.853-.79-.846-.79l-2.446.02zm11.727-.05S13.2 5.396 13.6 2.89C13.765.03 11.55-.6 10.565.53c-1.014 1.232 0 2.056-4.45 5.83C5.336 6.965 5 8.01 5 8.997v6.998c-.016 1.104.49 2 1.99 2h7.586c2.097 0 2.86-1.416 2.86-1.416s2.178-5.402 2.346-5.91c1.047-3.516-1.95-3.704-1.95-3.704l-5.387.007z" />
              </g>
            </svg>
          </button>
        </div>
        <div>
          3
          人反对
          <button
            onClick={[Function]}>
            踩
            <svg
              height="16"
              viewBox="0 0 20 18"
              width="13">
              <g>
                <path
                  d="M.718 7.024c-.718 0-.718.63-.718.63l.996 9.693c0 .703.718.65.718.65h1.45c.916 0 .847-.65.847-.65V7.793c-.09-.88-.853-.79-.846-.79l-2.446.02zm11.727-.05S13.2 5.396 13.6 2.89C13.765.03 11.55-.6 10.565.53c-1.014 1.232 0 2.056-4.45 5.83C5.336 6.965 5 8.01 5 8.997v6.998c-.016 1.104.49 2 1.99 2h7.586c2.097 0 2.86-1.416 2.86-1.416s2.178-5.402 2.346-5.91c1.047-3.516-1.95-3.704-1.95-3.704l-5.387.007z"
                  transform="scale(1,-1) translate(0,-22)" />
              </g>
            </svg>
          </button>
        </div>
      </div>
    </div>
    <div>
      <p>
        hello,world4
      </p>
      <p>
        修改于 
        Mon May 15 2017 20:07:25 GMT+0800 (中国标准时间)
      </p>
    </div>
  </div>
  <div
    className="comment-item">
    <div>
      <div>
        <div>
          <img
            src="#5" />
        </div>
        <div>
          <span>
            <a
              href="#">
              webbot5
            </a>
          </span>
          <div>
            sth5
          </div>
        </div>
      </div>
      <div>
        <div>
          6
          人赞同
          <button
            onClick={[Function]}>
            赞
            <svg
              height="16"
              viewBox="0 0 20 18"
              width="13">
              <g>
                <path
                  d="M.718 7.024c-.718 0-.718.63-.718.63l.996 9.693c0 .703.718.65.718.65h1.45c.916 0 .847-.65.847-.65V7.793c-.09-.88-.853-.79-.846-.79l-2.446.02zm11.727-.05S13.2 5.396 13.6 2.89C13.765.03 11.55-.6 10.565.53c-1.014 1.232 0 2.056-4.45 5.83C5.336 6.965 5 8.01 5 8.997v6.998c-.016 1.104.49 2 1.99 2h7.586c2.097 0 2.86-1.416 2.86-1.416s2.178-5.402 2.346-5.91c1.047-3.516-1.95-3.704-1.95-3.704l-5.387.007z" />
              </g>
            </svg>
          </button>
        </div>
        <div>
          4
          人反对
          <button
            onClick={[Function]}>
            踩
            <svg
              height="16"
              viewBox="0 0 20 18"
              width="13">
              <g>
                <path
                  d="M.718 7.024c-.718 0-.718.63-.718.63l.996 9.693c0 .703.718.65.718.65h1.45c.916 0 .847-.65.847-.65V7.793c-.09-.88-.853-.79-.846-.79l-2.446.02zm11.727-.05S13.2 5.396 13.6 2.89C13.765.03 11.55-.6 10.565.53c-1.014 1.232 0 2.056-4.45 5.83C5.336 6.965 5 8.01 5 8.997v6.998c-.016 1.104.49 2 1.99 2h7.586c2.097 0 2.86-1.416 2.86-1.416s2.178-5.402 2.346-5.91c1.047-3.516-1.95-3.704-1.95-3.704l-5.387.007z"
                  transform="scale(1,-1) translate(0,-22)" />
              </g>
            </svg>
          </button>
        </div>
      </div>
    </div>
    <div>
      <p>
        hello,world5
      </p>
      <p>
        修改于 
        Mon May 15 2017 20:07:25 GMT+0800 (中国标准时间)
      </p>
    </div>
  </div>
</div>
`;
